Obtaining file:///C:/Users/cik61/Desktop/skillloop-closeout-20260909/repo
  Installing build dependencies: started
  Installing build dependencies: finished with status 'done'
  Checking if build backend supports build_editable: started
  Checking if build backend supports build_editable: finished with status 'done'
  Getting requirements to build editable: started
  Getting requirements to build editable: finished with status 'done'
  Preparing editable metadata (pyproject.toml): started
  Preparing editable metadata (pyproject.toml): finished with status 'done'
Collecting pytest>=8 (from -r C:\Users\cik61\Desktop\skillloop-closeout-20260909\repo\requirements-dev.txt (line 2))
  Using cached pytest-9.1.1-py3-none-any.whl.metadata (7.6 kB)
Collecting hypothesis>=6 (from -r C:\Users\cik61\Desktop\skillloop-closeout-20260909\repo\requirements-dev.txt (line 3))
  Downloading hypothesis-6.168.0-cp314-cp314-win_amd64.whl.metadata (5.7 kB)
Collecting setuptools>=61 (from -r C:\Users\cik61\Desktop\skillloop-closeout-20260909\repo\requirements-dev.txt (line 4))
  Using cached setuptools-84.0.0-py3-none-any.whl.metadata (6.6 kB)
Collecting wheel (from -r C:\Users\cik61\Desktop\skillloop-closeout-20260909\repo\requirements-dev.txt (line 5))
  Using cached wheel-0.48.0-py3-none-any.whl.metadata (2.3 kB)
Collecting pywin32 (from skillloop==0.0.1)
  Using cached pywin32-312-cp314-cp314-win_amd64.whl.metadata (11 kB)
Collecting openpyxl>=3.1 (from skillloop==0.0.1)
  Using cached openpyxl-3.1.5-py2.py3-none-any.whl.metadata (2.5 kB)
Collecting matplotlib>=3.9 (from skillloop==0.0.1)
  Using cached matplotlib-3.11.1-cp314-cp314-win_amd64.whl.metadata (80 kB)
Collecting colorama>=0.4 (from pytest>=8->-r C:\Users\cik61\Desktop\skillloop-closeout-20260909\repo\requirements-dev.txt (line 2))
  Using cached colorama-0.4.6-py2.py3-none-any.whl.metadata (17 kB)
Collecting iniconfig>=1.0.1 (from pytest>=8->-r C:\Users\cik61\Desktop\skillloop-closeout-20260909\repo\requirements-dev.txt (line 2))
  Using cached iniconfig-2.3.0-py3-none-any.whl.metadata (2.5 kB)
Collecting packaging>=22 (from pytest>=8->-r C:\Users\cik61\Desktop\skillloop-closeout-20260909\repo\requirements-dev.txt (line 2))
  Using cached packaging-26.3-py3-none-any.whl.metadata (3.5 kB)
Collecting pluggy<2,>=1.5 (from pytest>=8->-r C:\Users\cik61\Desktop\skillloop-closeout-20260909\repo\requirements-dev.txt (line 2))
  Using cached pluggy-1.6.0-py3-none-any.whl.metadata (4.8 kB)
Collecting pygments>=2.7.2 (from pytest>=8->-r C:\Users\cik61\Desktop\skillloop-closeout-20260909\repo\requirements-dev.txt (line 2))
  Using cached pygments-2.21.0-py3-none-any.whl.metadata (2.5 kB)
Collecting sortedcontainers<3.0.0,>=2.1.0 (from hypothesis>=6->-r C:\Users\cik61\Desktop\skillloop-closeout-20260909\repo\requirements-dev.txt (line 3))
  Using cached sortedcontainers-2.4.0-py2.py3-none-any.whl.metadata (10 kB)
Collecting contourpy>=1.0.1 (from matplotlib>=3.9->skillloop==0.0.1)
  Using cached contourpy-1.3.3-cp314-cp314-win_amd64.whl.metadata (5.5 kB)
Collecting cycler>=0.10 (from matplotlib>=3.9->skillloop==0.0.1)
  Using cached cycler-0.12.1-py3-none-any.whl.metadata (3.8 kB)
Collecting fonttools>=4.28.2 (from matplotlib>=3.9->skillloop==0.0.1)
  Using cached fonttools-4.64.0-cp314-cp314-win_amd64.whl.metadata (126 kB)
Collecting kiwisolver>=1.3.1 (from matplotlib>=3.9->skillloop==0.0.1)
  Using cached kiwisolver-1.5.1-cp314-cp314-win_amd64.whl.metadata (5.2 kB)
Collecting numpy>=1.25 (from matplotlib>=3.9->skillloop==0.0.1)
  Using cached numpy-2.5.3-cp314-cp314-win_amd64.whl.metadata (6.6 kB)
Collecting pillow>=9 (from matplotlib>=3.9->skillloop==0.0.1)
  Using cached pillow-12.3.0-cp314-cp314-win_amd64.whl.metadata (9.3 kB)
Collecting pyparsing>=3 (from matplotlib>=3.9->skillloop==0.0.1)
  Using cached pyparsing-3.3.2-py3-none-any.whl.metadata (5.8 kB)
Collecting python-dateutil>=2.7 (from matplotlib>=3.9->skillloop==0.0.1)
  Using cached python_dateutil-2.9.0.post0-py2.py3-none-any.whl.metadata (8.4 kB)
Collecting et-xmlfile (from openpyxl>=3.1->skillloop==0.0.1)
  Using cached et_xmlfile-2.0.0-py3-none-any.whl.metadata (2.7 kB)
Collecting six>=1.5 (from python-dateutil>=2.7->matplotlib>=3.9->skillloop==0.0.1)
  Using cached six-1.17.0-py2.py3-none-any.whl.metadata (1.7 kB)
Using cached pytest-9.1.1-py3-none-any.whl (386 kB)
Using cached pluggy-1.6.0-py3-none-any.whl (20 kB)
Downloading hypothesis-6.168.0-cp314-cp314-win_amd64.whl (681 kB)
   ---------------------------------------- 681.9/681.9 kB 9.4 MB/s  0:00:00
Using cached sortedcontainers-2.4.0-py2.py3-none-any.whl (29 kB)
Using cached setuptools-84.0.0-py3-none-any.whl (818 kB)
Using cached wheel-0.48.0-py3-none-any.whl (33 kB)
Using cached colorama-0.4.6-py2.py3-none-any.whl (25 kB)
Using cached iniconfig-2.3.0-py3-none-any.whl (7.5 kB)
Using cached matplotlib-3.11.1-cp314-cp314-win_amd64.whl (9.5 MB)
Using cached contourpy-1.3.3-cp314-cp314-win_amd64.whl (232 kB)
Using cached cycler-0.12.1-py3-none-any.whl (8.3 kB)
Using cached fonttools-4.64.0-cp314-cp314-win_amd64.whl (2.5 MB)
Using cached kiwisolver-1.5.1-cp314-cp314-win_amd64.whl (72 kB)
Using cached numpy-2.5.3-cp314-cp314-win_amd64.whl (12.7 MB)
Using cached openpyxl-3.1.5-py2.py3-none-any.whl (250 kB)
Using cached packaging-26.3-py3-none-any.whl (129 kB)
Using cached pillow-12.3.0-cp314-cp314-win_amd64.whl (7.2 MB)
Using cached pygments-2.21.0-py3-none-any.whl (1.3 MB)
Using cached pyparsing-3.3.2-py3-none-any.whl (122 kB)
Using cached python_dateutil-2.9.0.post0-py2.py3-none-any.whl (229 kB)
Using cached six-1.17.0-py2.py3-none-any.whl (11 kB)
Using cached et_xmlfile-2.0.0-py3-none-any.whl (18 kB)
Using cached pywin32-312-cp314-cp314-win_amd64.whl (7.0 MB)
Building wheels for collected packages: skillloop
  Building editable for skillloop (pyproject.toml): started
  Building editable for skillloop (pyproject.toml): finished with status 'done'
  Created wheel for skillloop: filename=skillloop-0.0.1-0.editable-py3-none-any.whl size=3139 sha256=413828359d2b83b079ba5944933ba979fea80aa54aa2f7173449a50b6060b0bd
  Stored in directory: C:\Users\cik61\AppData\Local\Temp\pip-ephem-wheel-cache-8d2xh1b_\wheels\a8\9a\2c\9a22bc6d72e7b058433df09798938554bbc6a82e7ef00cdaaa
Successfully built skillloop
Installing collected packages: sortedcontainers, six, setuptools, pywin32, pyparsing, pygments, pluggy, pillow, packaging, numpy, kiwisolver, iniconfig, hypothesis, fonttools, et-xmlfile, cycler, colorama, wheel, python-dateutil, pytest, openpyxl, contourpy, skillloop, matplotlib

Successfully installed colorama-0.4.6 contourpy-1.3.3 cycler-0.12.1 et-xmlfile-2.0.0 fonttools-4.64.0 hypothesis-6.168.0 iniconfig-2.3.0 kiwisolver-1.5.1 matplotlib-3.11.1 numpy-2.5.3 openpyxl-3.1.5 packaging-26.3 pillow-12.3.0 pluggy-1.6.0 pygments-2.21.0 pyparsing-3.3.2 pytest-9.1.1 python-dateutil-2.9.0.post0 pywin32-312 setuptools-84.0.0 six-1.17.0 skillloop-0.0.1 sortedcontainers-2.4.0 wheel-0.48.0

[notice] A new release of pip is available: 25.2 -> 26.2.1
[notice] To update, run: C:\Users\cik61\Desktop\skillloop-closeout-20260909\runtime\Scripts\python.exe -m pip install --upgrade pip
