colorama==0.4.6
contourpy==1.3.3
cycler==0.12.1
et_xmlfile==2.0.0
fonttools==4.64.0
hypothesis==6.168.0
iniconfig==2.3.0
kiwisolver==1.5.1
matplotlib==3.11.1
numpy==2.5.3
openpyxl==3.1.5
packaging==26.3
pillow==12.3.0
pluggy==1.6.0
Pygments==2.21.0
pyparsing==3.3.2
pytest==9.1.1
python-dateutil==2.9.0.post0
pywin32==312
setuptools==84.0.0
six==1.17.0
-e git+https://github.com/THEGREATCJPark/ddthon.git@6197a975b020768cc29bcd92dd27553406da268e#egg=skillloop&subdirectory=..\..\..\skillloop-closeout-20260909\repo
sortedcontainers==2.4.0
wheel==0.48.0
